// Jest Snapshot v1, https://goo.gl/fbAQLP

exports[`App Renders as expected 1`] = `
<div
  className="weather-app day-mode"
>
  <h1>
    FIVE DAY FORECAST
  </h1>
  <button
    className="day-night-mode"
    onClick={[Function]}
    type="button"
  >
    D/N
  </button>
  <h1
    className="location-details"
  >
    , 
  </h1>
  <div
    className="search-form"
  >
    <input
      onChange={[Function]}
      type="text"
      value=""
    />
    <button
      onClick={[Function]}
      type="submit"
    >
      Search
    </button>
  </div>
  <div
    className="digital-clock"
  >
     
    11:36:07 PM
     
  </div>
</div>
`;
