// Jest Snapshot v1, https://goo.gl/fbAQLP

exports[`LocationDetails Renders as expected 1`] = `
<h1
  className="location-details"
>
  testCity, testCountry
</h1>
`;
